---
source: tests/snapshots.rs
expression: output
---
<!-- anydoc:source-unit-start kind=sheet ordinal=1 status=parsed name=Values -->

## Values

|  |  |  |
| --- | --- | --- |
| Kind | Value | Note |
| Percent | 15.5% | fifteen and a half |
| Currency | $1,234.50 | dollars |
| Thousands | 9,876,543 | grouped |
| Date | 2026-03-15 | ides of March |
| Duration | 26:30:15 | over a day |
| Tiny | 0.0000004 | four ten-millionths |
| Boolean | TRUE | yes |

<!-- anydoc:source-unit-end kind=sheet ordinal=1 status=parsed -->

<!-- anydoc:source-unit-start kind=sheet ordinal=2 status=parsed name=Merged%20Grid -->

## Merged Grid

|  |  |  |
| --- | --- | --- |
| Span two |  | Right |
| 1 | 2 | 3 |

<!-- anydoc:source-unit-end kind=sheet ordinal=2 status=parsed -->
