---
source: tests/snapshots.rs
expression: output
---
<!-- anydoc:source-unit-start kind=sheet ordinal=1 status=parsed name=Durations -->

|  |  |  |  |  |
| --- | --- | --- | --- | --- |
| 26:00:00 | 26:30:15 | 336:00:00 | -1:05:00 | P1M |
| 12:00:00 | 1:30:00 | 0:01:30 | 0:00:01.250 | PT99999999999999999999H |

<!-- anydoc:source-unit-end kind=sheet ordinal=1 status=parsed -->
